INFO:     Started server process [25104]
INFO:     Waiting for application startup.
2026-08-15 20:07:40,672 apscheduler.scheduler INFO Adding job tentatively -- it will be properly scheduled when the scheduler starts
2026-08-15 20:07:40,673 apscheduler.scheduler INFO Adding job tentatively -- it will be properly scheduled when the scheduler starts
2026-08-15 20:07:40,676 apscheduler.scheduler INFO Adding job tentatively -- it will be properly scheduled when the scheduler starts
2026-08-15 20:07:40,677 apscheduler.scheduler INFO Adding job tentatively -- it will be properly scheduled when the scheduler starts
2026-08-15 20:07:40,683 apscheduler.scheduler INFO Added job "queue_repeat_reminders" to job store "default"
2026-08-15 20:07:40,684 apscheduler.scheduler INFO Added job "queue_birthday_messages" to job store "default"
2026-08-15 20:07:40,685 apscheduler.scheduler INFO Added job "send_pending_messages" to job store "default"
2026-08-15 20:07:40,686 apscheduler.scheduler INFO Added job "nightly_backup" to job store "default"
2026-08-15 20:07:40,687 apscheduler.scheduler INFO Scheduler started
2026-08-15 20:07:40,688 rx3000.scheduler INFO Scheduler started
INFO:     Application startup complete.
INFO:     Uvicorn running on http://127.0.0.1:8177 (Press CTRL+C to quit)
2026-08-15 20:12:40,692 apscheduler.executors.default INFO Running job "send_pending_messages (trigger: interval[0:05:00], next run at: 2026-08-15 20:12:40 SAST)" (scheduled at 2026-08-15 20:12:40.675976+02:00)
2026-08-15 20:12:40,815 apscheduler.executors.default INFO Job "send_pending_messages (trigger: interval[0:05:00], next run at: 2026-08-15 20:17:40 SAST)" executed successfully
2026-08-15 20:17:40,686 apscheduler.executors.default INFO Running job "send_pending_messages (trigger: interval[0:05:00], next run at: 2026-08-15 20:22:40 SAST)" (scheduled at 2026-08-15 20:17:40.675976+02:00)
2026-08-15 20:17:40,703 apscheduler.executors.default INFO Job "send_pending_messages (trigger: interval[0:05:00], next run at: 2026-08-15 20:22:40 SAST)" executed successfully
2026-08-15 20:22:40,686 apscheduler.executors.default INFO Running job "send_pending_messages (trigger: interval[0:05:00], next run at: 2026-08-15 20:27:40 SAST)" (scheduled at 2026-08-15 20:22:40.675976+02:00)
2026-08-15 20:22:40,702 apscheduler.executors.default INFO Job "send_pending_messages (trigger: interval[0:05:00], next run at: 2026-08-15 20:27:40 SAST)" executed successfully
2026-08-15 20:27:40,677 apscheduler.executors.default INFO Running job "send_pending_messages (trigger: interval[0:05:00], next run at: 2026-08-15 20:32:40 SAST)" (scheduled at 2026-08-15 20:27:40.675976+02:00)
2026-08-15 20:27:40,684 apscheduler.executors.default INFO Job "send_pending_messages (trigger: interval[0:05:00], next run at: 2026-08-15 20:32:40 SAST)" executed successfully
2026-08-15 20:32:40,678 apscheduler.executors.default INFO Running job "send_pending_messages (trigger: interval[0:05:00], next run at: 2026-08-15 20:37:40 SAST)" (scheduled at 2026-08-15 20:32:40.675976+02:00)
2026-08-15 20:32:40,691 apscheduler.executors.default INFO Job "send_pending_messages (trigger: interval[0:05:00], next run at: 2026-08-15 20:37:40 SAST)" executed successfully
2026-08-15 20:37:40,684 apscheduler.executors.default INFO Running job "send_pending_messages (trigger: interval[0:05:00], next run at: 2026-08-15 20:42:40 SAST)" (scheduled at 2026-08-15 20:37:40.675976+02:00)
2026-08-15 20:37:40,694 apscheduler.executors.default INFO Job "send_pending_messages (trigger: interval[0:05:00], next run at: 2026-08-15 20:42:40 SAST)" executed successfully
2026-08-15 20:42:40,694 apscheduler.executors.default INFO Running job "send_pending_messages (trigger: interval[0:05:00], next run at: 2026-08-15 20:47:40 SAST)" (scheduled at 2026-08-15 20:42:40.675976+02:00)
2026-08-15 20:42:40,710 apscheduler.executors.default INFO Job "send_pending_messages (trigger: interval[0:05:00], next run at: 2026-08-15 20:47:40 SAST)" executed successfully
2026-08-15 20:47:40,687 apscheduler.executors.default INFO Running job "send_pending_messages (trigger: interval[0:05:00], next run at: 2026-08-15 20:52:40 SAST)" (scheduled at 2026-08-15 20:47:40.675976+02:00)
2026-08-15 20:47:40,698 apscheduler.executors.default INFO Job "send_pending_messages (trigger: interval[0:05:00], next run at: 2026-08-15 20:52:40 SAST)" executed successfully
2026-08-15 20:52:40,688 apscheduler.executors.default INFO Running job "send_pending_messages (trigger: interval[0:05:00], next run at: 2026-08-15 20:57:40 SAST)" (scheduled at 2026-08-15 20:52:40.675976+02:00)
2026-08-15 20:52:40,702 apscheduler.executors.default INFO Job "send_pending_messages (trigger: interval[0:05:00], next run at: 2026-08-15 20:57:40 SAST)" executed successfully
2026-08-15 20:57:40,683 apscheduler.executors.default INFO Running job "send_pending_messages (trigger: interval[0:05:00], next run at: 2026-08-15 21:02:40 SAST)" (scheduled at 2026-08-15 20:57:40.675976+02:00)
2026-08-15 20:57:40,694 apscheduler.executors.default INFO Job "send_pending_messages (trigger: interval[0:05:00], next run at: 2026-08-15 21:02:40 SAST)" executed successfully
